../Core/Src/main.c:155:6:ld_set	24	static
../Core/Src/main.c:163:6:leds_clear	16	static
../Core/Src/main.c:178:6:checkButtonsEvents	32	static
../Core/Src/main.c:228:6:animate	16	static
../Core/Src/main.c:239:10:powint	24	static
../Core/Src/main.c:246:6:pressForward	8	static
../Core/Src/main.c:258:6:pressBackward	8	static
../Core/Src/main.c:269:6:longPressBackward	4	static
../Core/Src/main.c:273:6:longPressForward	4	static
../Core/Src/main.c:277:6:changeMode	8	static
../Core/Src/main.c:289:6:changeTransition	8	static
../Core/Src/main.c:303:5:randLED	8	static
../Core/Src/main.c:309:6:simpleTransitionAnimation	8	static
../Core/Src/main.c:323:6:bounceAnimation	8	static
../Core/Src/main.c:343:6:led_toggle	16	static
../Core/Src/main.c:349:6:toggleSimpleAnimation	8	static
../Core/Src/main.c:360:6:bounceToggleAnimation	8	static
../Core/Src/main.c:376:6:twocolorsAnimation	16	static
../Core/Src/main.c:387:6:crossroadsAnimation	8	static
../Core/Src/main.c:402:6:noiseAnimation	8	static
../Core/Src/main.c:411:6:raindropsAnimation	8	static
../Core/Src/main.c:439:5:main	8	static
../Core/Src/main.c:486:6:SystemClock_Config	96	static
../Core/Src/main.c:531:13:MX_RNG_Init	8	static
../Core/Src/main.c:557:13:MX_GPIO_Init	40	static
../Core/Src/main.c:601:6:Error_Handler	4	static,ignoring_inline_asm
