../Core/Src/main.c:141:6:ld_set	24	static
../Core/Src/main.c:159:6:checkButtonsEvents	32	static
../Core/Src/main.c:209:6:animate	16	static
../Core/Src/main.c:220:10:powint	24	static
../Core/Src/main.c:227:6:pressForward	8	static
../Core/Src/main.c:239:6:pressBackward	8	static
../Core/Src/main.c:250:6:longPressBackward	4	static
../Core/Src/main.c:254:6:longPressForward	4	static
../Core/Src/main.c:258:6:changeMode	8	static
../Core/Src/main.c:270:6:changeTransition	4	static
../Core/Src/main.c:275:6:simpleTransitionAnimation	8	static
../Core/Src/main.c:294:5:main	8	static
../Core/Src/main.c:340:6:SystemClock_Config	96	static
../Core/Src/main.c:385:13:MX_GPIO_Init	40	static
../Core/Src/main.c:429:6:Error_Handler	4	static,ignoring_inline_asm
